{
  "version": "1.5.0",
  "plugins_used": [
    {
      "name": "ArtifactoryDetector"
    },
    {
      "name": "AWSKeyDetector"
    },
    {
      "name": "AzureStorageKeyDetector"
    },
    {
      "name": "Base64HighEntropyString",
      "limit": 4.5
    },
    {
      "name": "BasicAuthDetector"
    },
    {
      "name": "CloudantDetector"
    },
    {
      "name": "DiscordBotTokenDetector"
    },
    {
      "name": "GitHubTokenDetector"
    },
    {
      "name": "GitLabTokenDetector"
    },
    {
      "name": "HexHighEntropyString",
      "limit": 3.0
    },
    {
      "name": "IbmCloudIamDetector"
    },
    {
      "name": "IbmCosHmacDetector"
    },
    {
      "name": "IPPublicDetector"
    },
    {
      "name": "JwtTokenDetector"
    },
    {
      "name": "KeywordDetector",
      "keyword_exclude": ""
    },
    {
      "name": "MailchimpDetector"
    },
    {
      "name": "NpmDetector"
    },
    {
      "name": "OpenAIDetector"
    },
    {
      "name": "PrivateKeyDetector"
    },
    {
      "name": "PypiTokenDetector"
    },
    {
      "name": "SendGridDetector"
    },
    {
      "name": "SlackDetector"
    },
    {
      "name": "SoftlayerDetector"
    },
    {
      "name": "SquareOAuthDetector"
    },
    {
      "name": "StripeDetector"
    },
    {
      "name": "TelegramBotTokenDetector"
    },
    {
      "name": "TwilioKeyDetector"
    }
  ],
  "filters_used": [
    {
      "path": "detect_secrets.filters.allowlist.is_line_allowlisted"
    },
    {
      "path": "detect_secrets.filters.heuristic.is_indirect_reference"
    },
    {
      "path": "detect_secrets.filters.heuristic.is_likely_id_string"
    },
    {
      "path": "detect_secrets.filters.heuristic.is_lock_file"
    },
    {
      "path": "detect_secrets.filters.heuristic.is_not_alphanumeric_string"
    },
    {
      "path": "detect_secrets.filters.heuristic.is_potential_uuid"
    },
    {
      "path": "detect_secrets.filters.heuristic.is_prefixed_with_dollar_sign"
    },
    {
      "path": "detect_secrets.filters.heuristic.is_sequential_string"
    },
    {
      "path": "detect_secrets.filters.heuristic.is_swagger_file"
    },
    {
      "path": "detect_secrets.filters.heuristic.is_templated_secret"
    }
  ],
  "results": {
    "tests/fixtures/redaction_cases.json": [
      {
        "type": "Basic Auth Credentials",
        "filename": "tests/fixtures/redaction_cases.json",
        "hashed_secret": "de1c41e8ece73f5d5c259bb37eccb59a542b91dc",
        "is_verified": false,
        "line_number": 7
      }
    ],
    "tests/unit/adapters/test_model_adapters.py": [
      {
        "type": "Secret Keyword",
        "filename": "tests/unit/adapters/test_model_adapters.py",
        "hashed_secret": "b5e35ca700f7e4d77f05b8cd72e0619d5115d036",
        "is_verified": false,
        "line_number": 66
      }
    ],
    "tests/unit/observability/test_events.py": [
      {
        "type": "Secret Keyword",
        "filename": "tests/unit/observability/test_events.py",
        "hashed_secret": "e5e9fa1ba31ecd1ae84f75caaa474f3a663f05f4",
        "is_verified": false,
        "line_number": 20
      }
    ],
    "tests/unit/observability/test_logging.py": [
      {
        "type": "Secret Keyword",
        "filename": "tests/unit/observability/test_logging.py",
        "hashed_secret": "dbdab9be92cacdae6a97e8601332bfaa8545800f",
        "is_verified": false,
        "line_number": 96
      },
      {
        "type": "Secret Keyword",
        "filename": "tests/unit/observability/test_logging.py",
        "hashed_secret": "1a91d62f7ca67399625a4368a6ab5d4a3baa6073",
        "is_verified": false,
        "line_number": 297
      },
      {
        "type": "Basic Auth Credentials",
        "filename": "tests/unit/observability/test_logging.py",
        "hashed_secret": "9de8ffafcde513fa5171292c68b0a3fe707f66c9",
        "is_verified": false,
        "line_number": 317
      }
    ],
    "tests/unit/worker/test_service.py": [
      {
        "type": "Secret Keyword",
        "filename": "tests/unit/worker/test_service.py",
        "hashed_secret": "0a14953a1a1ee3933ec24a11cc178630eaf3e5ff",
        "is_verified": false,
        "line_number": 222
      }
    ]
  },
  "generated_at": "2026-08-01T04:38:42Z"
}
